// Jest Snapshot v1, https://goo.gl/fbAQLP

exports[`renders correctly 1`] = `
<div>
  <div
    id="container"
  >
    <footer
      id="footer"
    >
      <ul
        class="column"
      >
        <li>
          About
        </li>
        <li
          title="About the company behind Fern"
        >
          Company
        </li>
      </ul>
      <ul
        class="column"
      >
        <li>
          Support
        </li>
        <li
          title="Get help with any problems"
        >
          Contact Us
        </li>
      </ul>
      <ul
        class="column"
      >
        <li>
          Legal
        </li>
        <li
          title="Fern's privacy policy"
        >
          Privacy Policy
        </li>
        <li
          title="How we use cookies"
        >
          Cookies
        </li>
        <li
          id="copyright"
        >
          Â© Fern 
          2020
        </li>
      </ul>
    </footer>
  </div>
</div>
`;
