// Jest Snapshot v1, https://goo.gl/fbAQLP

exports[`login form renders properly 1`] = `
<div>
  <div
    id="root"
  >
    <form>
      <label
        for="usernameOrEmail"
      >
        Username or Email
      </label>
      <input
        id="usernameOrEmail"
        name="email"
        type="email"
        value=""
      />
      <label
        for="password"
      >
        Password
      </label>
      <input
        id="password"
        name="password"
        type="password"
        value=""
      />
      <button
        class="inverted"
        id="loginButton"
        type="submit"
      >
        Log In
      </button>
      <p>
        or
      </p>
      <button
        class="inverted"
      >
        Create an Account
      </button>
    </form>
  </div>
</div>
`;
